Starting Single Run, Sweeps and Corners...

Current time: Wed Dec 24 12:00:55 2025 
Best design point: 1
Design specs: 
	LDO:Schematic:1	corner	C1_0 - 
	LDO:Schematic:1	corner	C1_1 - 
	LDO:Schematic:1	corner	C1_2 - 
	LDO:Schematic:1	corner	C1_3 - 
	LDO:Schematic:1	corner	C1_4 - 
	LDO:Schematic:1	corner	C1_5 - 
	LDO:Schematic:1	corner	C1_6 - 
	LDO:Schematic:1	corner	C1_7 - 
	LDO:Schematic:1	corner	C1_8 - 
	LDO:Schematic:1	corner	C1_9 - 
	LDO:Schematic:1	corner	C1_10 - 
	LDO:Schematic:1	corner	C1_11 - 
	LDO:Schematic:1	corner	C1_12 - 
	LDO:Schematic:1	corner	C1_13 - 
	LDO:Schematic:1	corner	C1_14 - 
	LDO:Schematic:1	corner	C1_15 - 
	LDO:Schematic:1	corner	C1_16 - 
	LDO:Schematic:1	corner	C1_17 - 
	LDO:Schematic:1	corner	C1_18 - 
	LDO:Schematic:1	corner	C1_19 - 
	LDO:Schematic:1	corner	C1_20 - 
	LDO:Schematic:1	corner	C1_21 - 
	LDO:Schematic:1	corner	C1_22 - 
	LDO:Schematic:1	corner	C1_23 - 
	LDO:Schematic:1	corner	C1_24 - 
	LDO:Schematic:1	corner	C1_25 - 
	LDO:Schematic:1	corner	C1_26 - 
	LDO:Schematic:1	corner	C1_27 - 
	LDO:Schematic:1	corner	C1_28 - 
	LDO:Schematic:1	corner	C1_29 - 
	LDO:Schematic:1	corner	C1_30 - 
	LDO:Schematic:1	corner	C1_31 - 
	LDO:Schematic:1	corner	C1_32 - 
	LDO:Schematic:1	corner	C1_33 - 
	LDO:Schematic:1	corner	C1_34 - 
	LDO:Schematic:1	corner	C1_35 - 
	LDO:Schematic:1	corner	C1_36 - 
	LDO:Schematic:1	corner	C1_37 - 
	LDO:Schematic:1	corner	C1_38 - 
	LDO:Schematic:1	corner	C1_39 - 
	LDO:Schematic:1	corner	C1_40 - 
	LDO:Schematic:1	corner	C1_41 - 
	LDO:Schematic:1	corner	C1_42 - 
	LDO:Schematic:1	corner	C1_43 - 
	LDO:Schematic:1	corner	C1_44 - 
	LDO:Schematic:1	corner	Nominal - 
Design parameters: 
	Lf		500n
	Lin		2u
	Lp		2u
	Lt		3u
	VDD		1.2
	Vref		588.5m
	Wf		10u
	Win		5u
	Wp		6u
	Wt		10u
	V1		1.2
	V2		0
	V3		0
	V4		0
	V5		0
	V6		0
	V7		0
	W		10u
	Lref		3u
	Wref		5u

Interactive.62
Number of points completed: 1
Number of simulation errors: 0
Interactive.62 completed. 
Current time: Wed Dec 24 12:01:33 2025 
