Starting Single Run, Sweeps and Corners...

Current time: Sun Sep  6 12:40:50 2026 
Best design point: 1
Design specs: 
	LDO:Schematic:1	corner	C1_0 - 
	LDO:Schematic:1	corner	C1_1 - 
	LDO:Schematic:1	corner	C1_2 - 
	LDO:Schematic:1	corner	C1_3 - 
	LDO:Schematic:1	corner	C1_4 - 
	LDO:Schematic:1	corner	C1_5 - 
	LDO:Schematic:1	corner	C1_6 - 
	LDO:Schematic:1	corner	C1_7 - 
	LDO:Schematic:1	corner	C1_8 - 
	LDO:Schematic:1	corner	Nominal - 
Design parameters: 
	Lf		500n
	Lin		2u
	Lp		2u
	Lt		3u
	VDD		1.2
	Vref		588.5m
	Wf		10u
	Win		5u
	Wp		6u
	Wt		10u
	V1		1.2
	V2		0
	V3		0
	V4		0
	V5		0
	V6		0
	V7		0
	W		10u
	Lref		3u
	Wref		5u

Interactive.65
Number of points completed: 1
Number of simulation errors: 0
Interactive.65 completed. 
Current time: Sun Sep  6 12:42:15 2026 
