Starting Single Run, Sweeps and Corners...

Current time: Wed Dec 24 11:54:58 2025 
Best design point: 1
Design specs: 
	LDO:Schematic:1	corner	C1 - 
	LDO:Schematic:1	corner	Nominal - 
Design parameters: 
	Lf		500n
	Lin		2u
	Lp		2u
	Lt		3u
	VDD		1.2
	Vref		588.5m
	Wf		10u
	Win		5u
	Wp		6u
	Wt		10u
	V1		1.2
	V2		0
	V3		0
	V4		0
	V5		0
	V6		0
	V7		0
	W		10u
	Lref		3u
	Wref		5u

Interactive.60
Number of points completed: 1
Number of simulation errors: 1
Interactive.60 completed. 
Current time: Wed Dec 24 11:55:17 2025 
